cargo :    Compiling stellar-save v0.1.0 (C:\Users\Dell\Desktop\New 
Github\Stellar-Save\contracts\stellar-save)
At line:1 char:54
+ ... Dell\Desktop\New Github\Stellar-Save" ; cargo test --lib 2>&1 | Out-F ...
+                                             ~~~~~~~~~~~~~~~~~~~~~
    + CategoryInfo          : NotSpecified: (   Compiling st...s\stellar-save) 
   :String) [], RemoteException
    + FullyQualifiedErrorId : NativeCommandError
 
warning: use of deprecated method `soroban_sdk::events::Events::publish`: use 
the #[contractevent] macro on a contract event type
   --> contracts\stellar-save\src\events.rs:208:22
    |
208 |         env.events().publish(("group_created",), event);
    |                      ^^^^^^^
    |
    = note: `#[warn(deprecated)]` on by default

warning: use of deprecated method `soroban_sdk::events::Events::publish`: use 
the #[contractevent] macro on a contract event type
   --> contracts\stellar-save\src\events.rs:224:22
    |
224 |         env.events().publish(("member_joined",), event);
    |                      ^^^^^^^

warning: use of deprecated method `soroban_sdk::events::Events::publish`: use 
the #[contractevent] macro on a contract event type
   --> contracts\stellar-save\src\events.rs:240:22
    |
240 |         env.events().publish(("member_left",), event);
    |                      ^^^^^^^

warning: use of deprecated method `soroban_sdk::events::Events::publish`: use 
the #[contractevent] macro on a contract event type
   --> contracts\stellar-save\src\events.rs:260:22
    |
260 |         env.events().publish(("contribution_made",), event);
    |                      ^^^^^^^

warning: use of deprecated method `soroban_sdk::events::Events::publish`: use 
the #[contractevent] macro on a contract event type
   --> contracts\stellar-save\src\events.rs:278:22
    |
278 |         env.events().publish(("payout_executed",), event);
    |                      ^^^^^^^

warning: use of deprecated method `soroban_sdk::events::Events::publish`: use 
the #[contractevent] macro on a contract event type
   --> contracts\stellar-save\src\events.rs:296:22
    |
296 |         env.events().publish(("group_completed",), event);
    |                      ^^^^^^^

warning: use of deprecated method `soroban_sdk::events::Events::publish`: use 
the #[contractevent] macro on a contract event type
   --> contracts\stellar-save\src\events.rs:314:22
    |
314 |         env.events().publish(("group_status_changed",), event);
    |                      ^^^^^^^

warning: use of deprecated method `soroban_sdk::events::Events::publish`: use 
the #[contractevent] macro on a contract event type
   --> contracts\stellar-save\src\events.rs:319:22
    |
319 |         env.events().publish(("contract_paused",), event);
    |                      ^^^^^^^

warning: use of deprecated method `soroban_sdk::events::Events::publish`: use 
the #[contractevent] macro on a contract event type
   --> contracts\stellar-save\src\events.rs:324:22
    |
324 |         env.events().publish(("contract_unpaused",), event);
    |                      ^^^^^^^

warning: use of deprecated method `soroban_sdk::events::Events::publish`: use 
the #[contractevent] macro on a contract event type
   --> contracts\stellar-save\src\events.rs:342:22
    |
342 |         env.events().publish(("contribution_verified",), event);
    |                      ^^^^^^^

warning: use of deprecated method `soroban_sdk::events::Events::publish`: use 
the #[contractevent] macro on a contract event type
   --> contracts\stellar-save\src\events.rs:360:22
    |
360 |         env.events().publish(("contribution_amount_proposed",), event);
    |                      ^^^^^^^

warning: use of deprecated method `soroban_sdk::events::Events::publish`: use 
the #[contractevent] macro on a contract event type
   --> contracts\stellar-save\src\events.rs:378:22
    |
378 |         env.events().publish(("contribution_amount_changed",), event);
    |                      ^^^^^^^

warning: use of deprecated method `soroban_sdk::events::Events::publish`: use 
the #[contractevent] macro on a contract event type
   --> contracts\stellar-save\src\events.rs:387:22
    |
387 |         env.events().publish(("group_paused",), event);
    |                      ^^^^^^^

warning: use of deprecated method `soroban_sdk::events::Events::publish`: use 
the #[contractevent] macro on a contract event type
   --> contracts\stellar-save\src\events.rs:404:22
    |
404 |         env.events().publish(("penalty_applied",), event);
    |                      ^^^^^^^

warning: use of deprecated method `soroban_sdk::events::Events::publish`: use 
the #[contractevent] macro on a contract event type
   --> contracts\stellar-save\src\events.rs:419:22
    |
419 |         env.events().publish(("penalty_recovered",), event);
    |                      ^^^^^^^

warning: use of deprecated method `soroban_sdk::events::Events::publish`: use 
the #[contractevent] macro on a contract event type
   --> contracts\stellar-save\src\events.rs:424:22
    |
424 |         env.events().publish(("group_unpaused",), event);
    |                      ^^^^^^^

warning: use of deprecated method `soroban_sdk::events::Events::publish`: use 
the #[contractevent] macro on a contract event type
   --> contracts\stellar-save\src\events.rs:429:22
    |
429 |         env.events().publish(("cycle_started",), event);
    |                      ^^^^^^^

warning: use of deprecated method `soroban_sdk::events::Events::publish`: use 
the #[contractevent] macro on a contract event type
   --> contracts\stellar-save\src\events.rs:434:22
    |
434 |         env.events().publish(("cycle_ended",), event);
    |                      ^^^^^^^

warning: use of deprecated method `soroban_sdk::events::Events::publish`: use 
the #[contractevent] macro on a contract event type
   --> contracts\stellar-save\src\group.rs:365:22
    |
365 |         env.events().publish(
    |                      ^^^^^^^

error[E0061]: this function takes 7 arguments but 8 arguments were supplied
   --> contracts\stellar-save\src\group.rs:471:9
    |
471 |         Group::new(1, creator, 10_000_000, 604800, max_members, 2, 
1234567890, grace_period_seconds)
    |         ^^^^^^^^^^                                                       
      -------------------- unexpected argument #8 of type `u64`
    |
note: associated function defined here
   --> contracts\stellar-save\src\group.rs:234:12
    |
234 |     pub fn new(
    |            ^^^
help: remove the extra argument
    |
471 -         Group::new(1, creator, 10_000_000, 604800, max_members, 2, 
1234567890, grace_period_seconds)
471 +         Group::new(1, creator, 10_000_000, 604800, max_members, 2, 
1234567890)
    |

error[E0061]: this function takes 7 arguments but 8 arguments were supplied
   --> contracts\stellar-save\src\group.rs:479:21
    |
479 |         let group = Group::new(
    |                     ^^^^^^^^^^
...
487 |             0,          // no grace period
    |             - unexpected argument #8 of type `{integer}`
    |
note: associated function defined here
   --> contracts\stellar-save\src\group.rs:234:12
    |
234 |     pub fn new(
    |            ^^^
help: remove the extra argument
    |
486 -             1234567890,
487 -             0,          // no grace period
486 +             1234567890,          // no grace period
    |

error[E0609]: no field `penalty_amount` on type `&group::Group`
   --> contracts\stellar-save\src\payout_executor.rs:597:36
    |
597 |                 .checked_add(group.penalty_amount)
    |                                    ^^^^^^^^^^^^^^ unknown field
    |
    = note: available fields are: `id`, `creator`, `contribution_amount`, 
`cycle_duration`, `max_members` ... and 11 others

error[E0609]: no field `penalty_amount` on type `&group::Group`
   --> contracts\stellar-save\src\payout_executor.rs:605:36
    |
605 |                 .checked_add(group.penalty_amount)
    |                                    ^^^^^^^^^^^^^^ unknown field
    |
    = note: available fields are: `id`, `creator`, `contribution_amount`, 
`cycle_duration`, `max_members` ... and 11 others

error[E0609]: no field `penalty_amount` on type `&group::Group`
   --> contracts\stellar-save\src\payout_executor.rs:614:23
    |
614 |                 group.penalty_amount,
    |                       ^^^^^^^^^^^^^^ unknown field
    |
    = note: available fields are: `id`, `creator`, `contribution_amount`, 
`cycle_duration`, `max_members` ... and 11 others

error[E0061]: this function takes 5 arguments but 6 arguments were supplied
   --> contracts\stellar-save\src\payout_executor.rs:610:13
    |
610 |             EventEmitter::emit_penalty_applied(
    |             ^^^^^^^^^^^^^^^^^^^^^^^^^^^^^^^^^^
...
616 |                 timestamp,
    |                 --------- unexpected argument #6 of type `u64`
    |
note: associated function defined here
   --> contracts\stellar-save\src\events.rs:390:12
    |
390 |     pub fn emit_penalty_applied(
    |            ^^^^^^^^^^^^^^^^^^^^
help: remove the extra argument
    |
615 -                 cycle,
616 -                 timestamp,
615 +                 cycle,
    |

error[E0609]: no field `paused` on type `group::Group`
   --> contracts\stellar-save\src\payout_executor.rs:695:14
    |
695 |     if group.paused {
    |              ^^^^^^ unknown field
    |
    = note: available fields are: `id`, `creator`, `contribution_amount`, 
`cycle_duration`, `max_members` ... and 11 others

error[E0609]: no field `penalty_enabled` on type `group::Group`
   --> contracts\stellar-save\src\payout_executor.rs:720:14
    |
720 |     if group.penalty_enabled && group.penalty_amount > 0 {
    |              ^^^^^^^^^^^^^^^ unknown field
    |
    = note: available fields are: `id`, `creator`, `contribution_amount`, 
`cycle_duration`, `max_members` ... and 11 others

error[E0609]: no field `penalty_amount` on type `group::Group`
   --> contracts\stellar-save\src\payout_executor.rs:720:39
    |
720 |     if group.penalty_enabled && group.penalty_amount > 0 {
    |                                       ^^^^^^^^^^^^^^ unknown field
    |
    = note: available fields are: `id`, `creator`, `contribution_amount`, 
`cycle_duration`, `max_members` ... and 11 others

error[E0061]: this function takes 8 arguments but 7 arguments were supplied
    --> contracts\stellar-save\src\payout_executor.rs:1444:25
     |
1444 |           let mut group = Group::new_with_grace(
     |  _________________________^^^^^^^^^^^^^^^^^^^^^-
1445 | |             1,
1446 | |             creator,
1447 | |             10_000_000i128, // 1 XLM
...    |
1451 | |             1234567890,
1452 | |         );
     | |_________- argument #8 of type `u64` is missing
     |
note: associated function defined here
    --> contracts\stellar-save\src\group.rs:247:12
     |
 247 |     pub fn new_with_grace(
     |            ^^^^^^^^^^^^^^
...
 255 |         grace_period_seconds: u64,
     |         -------------------------
help: provide the argument
     |
1444 ~         let mut group = Group::new_with_grace(
1445 +             1,
1446 +             creator,
1447 +             10_000_000i128,
1448 +             604800,
1449 +             3,
1450 +             2,
1451 +             1234567890,
1452 +             /* u64 */,
1453 ~         );
     |

error[E0061]: this function takes 8 arguments but 7 arguments were supplied
    --> contracts\stellar-save\src\payout_executor.rs:1482:25
     |
1482 |           let mut group = Group::new_with_grace(
     |  _________________________^^^^^^^^^^^^^^^^^^^^^-
1483 | |             1,
1484 | |             creator,
1485 | |             10_000_000i128,
...    |
1489 | |             1234567890,
1490 | |         );
     | |_________- argument #8 of type `u64` is missing
     |
note: associated function defined here
    --> contracts\stellar-save\src\group.rs:247:12
     |
 247 |     pub fn new_with_grace(
     |            ^^^^^^^^^^^^^^
...
 255 |         grace_period_seconds: u64,
     |         -------------------------
help: provide the argument
     |
1482 |         let mut group = Group::new_with_grace(
 ...
1489 |             1234567890,
1490 ~             /* u64 */,
1491 ~         );
     |

error[E0061]: this function takes 8 arguments but 7 arguments were supplied
    --> contracts\stellar-save\src\payout_executor.rs:1527:25
     |
1527 |           let mut group = Group::new_with_grace(
     |  _________________________^^^^^^^^^^^^^^^^^^^^^-
1528 | |             1,
1529 | |             creator,
1530 | |             5_000_000i128,
...    |
1534 | |             1234567890,
1535 | |         );
     | |_________- argument #8 of type `u64` is missing
     |
note: associated function defined here
    --> contracts\stellar-save\src\group.rs:247:12
     |
 247 |     pub fn new_with_grace(
     |            ^^^^^^^^^^^^^^
...
 255 |         grace_period_seconds: u64,
     |         -------------------------
help: provide the argument
     |
1527 ~         let mut group = Group::new_with_grace(
1528 +             1,
1529 +             creator,
1530 +             5_000_000i128,
1531 +             604800,
1532 +             2,
1533 +             2,
1534 +             1234567890,
1535 +             /* u64 */,
1536 ~         );
     |

error[E0061]: this function takes 8 arguments but 7 arguments were supplied
    --> contracts\stellar-save\src\payout_executor.rs:1561:25
     |
1561 |           let mut group = Group::new_with_grace(
     |  _________________________^^^^^^^^^^^^^^^^^^^^^-
1562 | |             1,
1563 | |             creator,
1564 | |             10_000_000i128,
...    |
1568 | |             1234567890,
1569 | |         );
     | |_________- argument #8 of type `u64` is missing
     |
note: associated function defined here
    --> contracts\stellar-save\src\group.rs:247:12
     |
 247 |     pub fn new_with_grace(
     |            ^^^^^^^^^^^^^^
...
 255 |         grace_period_seconds: u64,
     |         -------------------------
help: provide the argument
     |
1561 ~         let mut group = Group::new_with_grace(
1562 +             1,
1563 +             creator,
1564 +             10_000_000i128,
1565 +             604800,
1566 +             10,
1567 +             2,
1568 +             1234567890,
1569 +             /* u64 */,
1570 ~         );
     |

error[E0061]: this function takes 8 arguments but 7 arguments were supplied
    --> contracts\stellar-save\src\payout_executor.rs:1591:25
     |
1591 |           let mut group = Group::new_with_grace(
     |  _________________________^^^^^^^^^^^^^^^^^^^^^-
1592 | |             42, // Specific group ID
1593 | |             creator,
1594 | |             10_000_000i128,
...    |
1598 | |             1234567890,
1599 | |         );
     | |_________- argument #8 of type `u64` is missing
     |
note: associated function defined here
    --> contracts\stellar-save\src\group.rs:247:12
     |
 247 |     pub fn new_with_grace(
     |            ^^^^^^^^^^^^^^
...
 255 |         grace_period_seconds: u64,
     |         -------------------------
help: provide the argument
     |
1591 ~         let mut group = Group::new_with_grace(
1592 +             42,
1593 +             creator,
1594 +             10_000_000i128,
1595 +             604800,
1596 +             3,
1597 +             2,
1598 +             1234567890,
1599 +             /* u64 */,
1600 ~         );
     |

error[E0061]: this function takes 8 arguments but 7 arguments were supplied
    --> contracts\stellar-save\src\payout_executor.rs:1617:25
     |
1617 |           let mut group = Group::new_with_grace(
     |  _________________________^^^^^^^^^^^^^^^^^^^^^-
1618 | |             1,
1619 | |             creator,
1620 | |             10_000_000i128,
...    |
1624 | |             1234567890,
1625 | |         );
     | |_________- argument #8 of type `u64` is missing
     |
note: associated function defined here
    --> contracts\stellar-save\src\group.rs:247:12
     |
 247 |     pub fn new_with_grace(
     |            ^^^^^^^^^^^^^^
...
 255 |         grace_period_seconds: u64,
     |         -------------------------
help: provide the argument
     |
1617 |         let mut group = Group::new_with_grace(
 ...
1624 |             1234567890,
1625 ~             /* u64 */,
1626 ~         );
     |

error[E0061]: this function takes 8 arguments but 7 arguments were supplied
    --> contracts\stellar-save\src\payout_executor.rs:1643:25
     |
1643 |           let mut group = Group::new_with_grace(
     |  _________________________^^^^^^^^^^^^^^^^^^^^^-
1644 | |             1,
1645 | |             creator,
1646 | |             10_000_000i128,
...    |
1650 | |             1234567890,
1651 | |         );
     | |_________- argument #8 of type `u64` is missing
     |
note: associated function defined here
    --> contracts\stellar-save\src\group.rs:247:12
     |
 247 |     pub fn new_with_grace(
     |            ^^^^^^^^^^^^^^
...
 255 |         grace_period_seconds: u64,
     |         -------------------------
help: provide the argument
     |
1643 |         let mut group = Group::new_with_grace(
 ...
1650 |             1234567890,
1651 ~             /* u64 */,
1652 ~         );
     |

error[E0061]: this function takes 10 arguments but 9 arguments were supplied
    --> contracts\stellar-save\src\payout_executor.rs:1677:21
     |
1677 |           let group = crate::group::Group::new_with_penalty(
     |  _____________________^^^^^^^^^^^^^^^^^^^^^^^^^^^^^^^^^^^^^-
1678 | |             group_id, creator, 10_000_000, 604800, 3, 2, 1_000_000, 
true, penalty,
1679 | |         );
     | |_________- argument #10 of type `u64` is missing
     |
note: associated function defined here
    --> contracts\stellar-save\src\group.rs:272:12
     |
 272 |     pub fn new_with_penalty(
     |            ^^^^^^^^^^^^^^^^
...
 282 |         grace_period_seconds: u64,
     |         -------------------------
help: provide the argument
     |
1677 -         let group = crate::group::Group::new_with_penalty(
1678 -             group_id, creator, 10_000_000, 604800, 3, 2, 1_000_000, 
true, penalty,
1679 -         );
1677 +         let group = crate::group::Group::new_with_penalty(group_id, 
creator, 10_000_000, 604800, 3, 2, 1_000_000, true, penalty, /* u64 */);
     |

error[E0061]: this function takes 10 arguments but 9 arguments were supplied
    --> contracts\stellar-save\src\payout_executor.rs:1718:21
     |
1718 |           let group = crate::group::Group::new_with_penalty(
     |  _____________________^^^^^^^^^^^^^^^^^^^^^^^^^^^^^^^^^^^^^-
1719 | |             group_id, creator, 10_000_000, 604800, 2, 2, 1_000_000, 
true, penalty,
1720 | |         );
     | |_________- argument #10 of type `u64` is missing
     |
note: associated function defined here
    --> contracts\stellar-save\src\group.rs:272:12
     |
 272 |     pub fn new_with_penalty(
     |            ^^^^^^^^^^^^^^^^
...
 282 |         grace_period_seconds: u64,
     |         -------------------------
help: provide the argument
     |
1718 -         let group = crate::group::Group::new_with_penalty(
1719 -             group_id, creator, 10_000_000, 604800, 2, 2, 1_000_000, 
true, penalty,
1720 -         );
1718 +         let group = crate::group::Group::new_with_penalty(group_id, 
creator, 10_000_000, 604800, 2, 2, 1_000_000, true, penalty, /* u64 */);
     |

error[E0061]: this function takes 10 arguments but 9 arguments were supplied
    --> contracts\stellar-save\src\payout_executor.rs:1751:21
     |
1751 |           let group = crate::group::Group::new_with_penalty(
     |  _____________________^^^^^^^^^^^^^^^^^^^^^^^^^^^^^^^^^^^^^-
1752 | |             group_id, creator, 10_000_000, 604800, 2, 2, 1_000_000, 
false, 0,
1753 | |         );
     | |_________- argument #10 of type `u64` is missing
     |
note: associated function defined here
    --> contracts\stellar-save\src\group.rs:272:12
     |
 272 |     pub fn new_with_penalty(
     |            ^^^^^^^^^^^^^^^^
...
 282 |         grace_period_seconds: u64,
     |         -------------------------
help: provide the argument
     |
1751 -         let group = crate::group::Group::new_with_penalty(
1752 -             group_id, creator, 10_000_000, 604800, 2, 2, 1_000_000, 
false, 0,
1753 -         );
1751 +         let group = crate::group::Group::new_with_penalty(group_id, 
creator, 10_000_000, 604800, 2, 2, 1_000_000, false, 0, /* u64 */);
     |

warning: use of deprecated method `soroban_sdk::events::Events::publish`: use 
the #[contractevent] macro on a contract event type
   --> contracts\stellar-save\src\lib.rs:433:14
    |
433 |             .publish((Symbol::new(&env, "GroupCreated"), creator), 
group_id);
    |              ^^^^^^^

warning: use of deprecated method `soroban_sdk::events::Events::publish`: use 
the #[contractevent] macro on a contract event type
   --> contracts\stellar-save\src\lib.rs:497:14
    |
497 |             .publish((Symbol::new(&env, "GroupUpdated"), group_id), 
group.creator);
    |              ^^^^^^^

error[E0599]: no function or associated item named `default` found for struct 
`soroban_sdk::Address` in the current scope
    --> contracts\stellar-save\src\lib.rs:1254:34
     |
1254 |         if recipient == Address::default() {
     |                                  ^^^^^^^ function or associated item 
not found in `soroban_sdk::Address`
     |
note: if you're trying to build a new `soroban_sdk::Address` consider using 
one of the following associated functions:
      soroban_sdk::Address::from_str
      soroban_sdk::Address::from_string
      soroban_sdk::Address::from_string_bytes
    --> C:\Users\Dell\.cargo\registry\src\index.crates.io-1949cf8c6b5b557f\soro
ban-sdk-23.5.2\src\address.rs:273:5
     |
 273 |     pub fn from_str(env: &Env, strkey: &str) -> Address {
     |     ^^^^^^^^^^^^^^^^^^^^^^^^^^^^^^^^^^^^^^^^^^^^^^^^^^^
...
 285 |     pub fn from_string(strkey: &String) -> Self {
     |     ^^^^^^^^^^^^^^^^^^^^^^^^^^^^^^^^^^^^^^^^^^^
...
 307 |     pub fn from_string_bytes(strkey: &Bytes) -> Self {
     |     ^^^^^^^^^^^^^^^^^^^^^^^^^^^^^^^^^^^^^^^^^^^^^^^^

error[E0070]: invalid left-hand side of assignment
    --> contracts\stellar-save\src\lib.rs:1452:15
     |
1452 |         false = true;
     |         ----- ^
     |         |
     |         cannot assign to this expression

error[E0070]: invalid left-hand side of assignment
    --> contracts\stellar-save\src\lib.rs:1506:15
     |
1506 |         false = false;
     |         ----- ^
     |         |
     |         cannot assign to this expression

warning: use of deprecated method `soroban_sdk::events::Events::publish`: use 
the #[contractevent] macro on a contract event type
    --> contracts\stellar-save\src\lib.rs:1805:14
     |
1805 |             .publish((Symbol::new(&env, "GroupDeleted"), group_id), 
group.creator);
     |              ^^^^^^^

warning: use of deprecated method `soroban_sdk::events::Events::publish`: use 
the #[contractevent] macro on a contract event type
    --> contracts\stellar-save\src\lib.rs:2556:26
     |
2556 |             env.events().publish(
     |                          ^^^^^^^

warning: use of deprecated method `soroban_sdk::events::Events::publish`: use 
the #[contractevent] macro on a contract event type
    --> contracts\stellar-save\src\lib.rs:2731:22
     |
2731 |         env.events().publish(
     |                      ^^^^^^^

error[E0277]: the trait bound `soroban_sdk::Val: TryFromVal<soroban_sdk::Env, 
usize>` is not satisfied
   --> contracts\stellar-save\src\lib.rs:115:1
    |
115 | #[contractimpl]
    | ^^^^^^^^^^^^^^^ the trait `TryFromVal<soroban_sdk::Env, usize>` is not 
implemented for `soroban_sdk::Val`
    |
    = help: the following other types implement trait `TryFromVal<E, V>`:
              `soroban_sdk::Val` implements `TryFromVal<E, &()>`
              `soroban_sdk::Val` implements `TryFromVal<E, &(T0, T1)>`
              `soroban_sdk::Val` implements `TryFromVal<E, &(T0, T1, T2)>`
              `soroban_sdk::Val` implements `TryFromVal<E, &(T0, T1, T2, T3)>`
              `soroban_sdk::Val` implements `TryFromVal<E, &(T0, T1, T2, T3, 
T4)>`
              `soroban_sdk::Val` implements `TryFromVal<E, &(T0, T1, T2, T3, 
T4, T5)>`
              `soroban_sdk::Val` implements `TryFromVal<E, &(T0, T1, T2, T3, 
T4, T5, T6)>`
              `soroban_sdk::Val` implements `TryFromVal<E, &(T0, T1, T2, T3, 
T4, T5, T6, T7)>`
            and 287 others
    = note: required for `soroban_sdk::Val` to implement 
`FromVal<soroban_sdk::Env, usize>`
    = note: required for `usize` to implement `IntoVal<soroban_sdk::Env, 
soroban_sdk::Val>`
    = note: the full name for the type has been written to 
'C:\Users\Dell\Desktop\New Github\Stellar-Save\target\debug\deps\stellar_save-1
e76cfb3a87d6de8.long-type-13954023745994509896.txt'
    = note: consider using `--verbose` to print the full type name to the 
console
    = note: this error originates in the attribute macro 
`soroban_sdk::contractclient` (in Nightly builds, run with -Z macro-backtrace 
for more info)

error[E0277]: the trait bound `str: TryFromValForContractFn<soroban_sdk::Env, 
soroban_sdk::Val>` is not satisfied
   --> contracts\stellar-save\src\lib.rs:115:1
    |
115 | #[contractimpl]
    | ^^^^^^^^^^^^^^^ the trait `TryFromVal<soroban_sdk::Env, 
soroban_sdk::Val>` is not implemented for `str`
    |
help: the following other types implement trait `TryFromVal<E, V>`
   --> C:\Users\Dell\.cargo\registry\src\index.crates.io-1949cf8c6b5b557f\sorob
an-env-common-23.0.1\src\string.rs:12:1
    |
 12 | impl<E: Env> TryFromVal<E, StringObject> for String {
    | ^^^^^^^^^^^^^^^^^^^^^^^^^^^^^^^^^^^^^^^^^^^^^^^^^^^ 
`__stellarsavecontract_fn_set_registry::std::string::String` implements 
`TryFromVal<E, soroban_env_common::string::StringObject>`
...
 28 | impl<E: Env> TryFromVal<E, Val> for String {
    | ^^^^^^^^^^^^^^^^^^^^^^^^^^^^^^^^^^^^^^^^^^ 
`__stellarsavecontract_fn_set_registry::std::string::String` implements 
`TryFromVal<E, soroban_sdk::Val>`
    = note: required for `str` to implement 
`TryFromValForContractFn<soroban_sdk::Env, soroban_sdk::Val>`
    = note: this error originates in the attribute macro `contractimpl` (in 
Nightly builds, run with -Z macro-backtrace for more info)

error[E0277]: the trait bound `usize: 
TryFromValForContractFn<soroban_sdk::Env, soroban_sdk::Val>` is not satisfied
   --> contracts\stellar-save\src\lib.rs:115:1
    |
115 | #[contractimpl]
    | ^^^^^^^^^^^^^^^ the trait `TryFromVal<soroban_sdk::Env, 
soroban_sdk::Val>` is not implemented for `usize`
    |
    = help: the following other types implement trait `TryFromVal<E, V>`:
              `i128` implements `TryFromVal<E, soroban_sdk::Val>`
              `i128` implements `TryFromVal<soroban_sdk::Env, i128>`
              `i32` implements `TryFromVal<E, soroban_sdk::Val>`
              `i32` implements `TryFromVal<soroban_sdk::Env, i32>`
              `i64` implements `TryFromVal<E, soroban_sdk::Val>`
              `i64` implements `TryFromVal<soroban_sdk::Env, i64>`
              `u128` implements `TryFromVal<E, soroban_sdk::Val>`
              `u128` implements `TryFromVal<soroban_sdk::Env, u128>`
            and 7 others
    = note: required for `usize` to implement 
`TryFromValForContractFn<soroban_sdk::Env, soroban_sdk::Val>`
    = note: this error originates in the attribute macro `contractimpl` (in 
Nightly builds, run with -Z macro-backtrace for more info)

warning: use of deprecated method `soroban_sdk::events::Events::publish`: use 
the #[contractevent] macro on a contract event type
    --> contracts\stellar-save\src\lib.rs:3311:18
     |
3311 |     env.events().publish(
     |                  ^^^^^^^

error[E0599]: no function or associated item named `generate` found for struct 
`soroban_sdk::Address` in the current scope
    --> contracts\stellar-save\src\lib.rs:3337:28
     |
3337 |     let creator = Address::generate(&env);
     |                            ^^^^^^^^ function or associated item not 
found in `soroban_sdk::Address`
     |
note: if you're trying to build a new `soroban_sdk::Address` consider using 
one of the following associated functions:
      soroban_sdk::Address::from_str
      soroban_sdk::Address::from_string
      soroban_sdk::Address::from_string_bytes
    --> C:\Users\Dell\.cargo\registry\src\index.crates.io-1949cf8c6b5b557f\soro
ban-sdk-23.5.2\src\address.rs:273:5
     |
 273 |     pub fn from_str(env: &Env, strkey: &str) -> Address {
     |     ^^^^^^^^^^^^^^^^^^^^^^^^^^^^^^^^^^^^^^^^^^^^^^^^^^^
...
 285 |     pub fn from_string(strkey: &String) -> Self {
     |     ^^^^^^^^^^^^^^^^^^^^^^^^^^^^^^^^^^^^^^^^^^^
...
 307 |     pub fn from_string_bytes(strkey: &Bytes) -> Self {
     |     ^^^^^^^^^^^^^^^^^^^^^^^^^^^^^^^^^^^^^^^^^^^^^^^^
     = help: items from traits can only be used if the trait is in scope
help: trait `Address` which provides `generate` is implemented but not in 
scope; perhaps you want to import it
     |
  22 + use soroban_sdk::testutils::Address;
     |

error[E0061]: this function takes 8 arguments but 7 arguments were supplied
    --> contracts\stellar-save\src\lib.rs:3744:21
     |
3744 |           let group = Group::new_with_grace(
     |  _____________________^^^^^^^^^^^^^^^^^^^^^-
3745 | |             group_id,
3746 | |             member.clone(),
3747 | |             contribution_amount,
...    |
3751 | |             12345,
3752 | |         );
     | |_________- argument #8 of type `u64` is missing
     |
note: associated function defined here
    --> contracts\stellar-save\src\group.rs:247:12
     |
 247 |     pub fn new_with_grace(
     |            ^^^^^^^^^^^^^^
...
 255 |         grace_period_seconds: u64,
     |         -------------------------
help: provide the argument
     |
3744 |         let group = Group::new_with_grace(
 ...
3751 |             12345,
3752 ~             /* u64 */,
3753 ~         );
     |

error[E0061]: this function takes 8 arguments but 7 arguments were supplied
    --> contracts\stellar-save\src\lib.rs:3778:25
     |
3778 |           let mut group = Group::new_with_grace(
     |  _________________________^^^^^^^^^^^^^^^^^^^^^-
3779 | |             group_id,
3780 | |             member.clone(),
3781 | |             contribution_amount,
...    |
3785 | |             12345,
3786 | |         );
     | |_________- argument #8 of type `u64` is missing
     |
note: associated function defined here
    --> contracts\stellar-save\src\group.rs:247:12
     |
 247 |     pub fn new_with_grace(
     |            ^^^^^^^^^^^^^^
...
 255 |         grace_period_seconds: u64,
     |         -------------------------
help: provide the argument
     |
3778 |         let mut group = Group::new_with_grace(
 ...
3785 |             12345,
3786 ~             /* u64 */,
3787 ~         );
     |

error[E0061]: this function takes 8 arguments but 7 arguments were supplied
    --> contracts\stellar-save\src\lib.rs:3821:25
     |
3821 |           let mut group = Group::new_with_grace(
     |  _________________________^^^^^^^^^^^^^^^^^^^^^-
3822 | |             group_id,
3823 | |             member.clone(),
3824 | |             contribution_amount,
...    |
3828 | |             12345,
3829 | |         );
     | |_________- argument #8 of type `u64` is missing
     |
note: associated function defined here
    --> contracts\stellar-save\src\group.rs:247:12
     |
 247 |     pub fn new_with_grace(
     |            ^^^^^^^^^^^^^^
...
 255 |         grace_period_seconds: u64,
     |         -------------------------
help: provide the argument
     |
3821 |         let mut group = Group::new_with_grace(
 ...
3828 |             12345,
3829 ~             /* u64 */,
3830 ~         );
     |

error[E0061]: this function takes 8 arguments but 7 arguments were supplied
    --> contracts\stellar-save\src\lib.rs:3879:25
     |
3879 |           let mut group = Group::new_with_grace(
     |  _________________________^^^^^^^^^^^^^^^^^^^^^-
3880 | |             group_id,
3881 | |             member1.clone(),
3882 | |             contribution_amount,
...    |
3886 | |             12345,
3887 | |         );
     | |_________- argument #8 of type `u64` is missing
     |
note: associated function defined here
    --> contracts\stellar-save\src\group.rs:247:12
     |
 247 |     pub fn new_with_grace(
     |            ^^^^^^^^^^^^^^
...
 255 |         grace_period_seconds: u64,
     |         -------------------------
help: provide the argument
     |
3879 |         let mut group = Group::new_with_grace(
 ...
3886 |             12345,
3887 ~             /* u64 */,
3888 ~         );
     |

error[E0061]: this function takes 8 arguments but 7 arguments were supplied
    --> contracts\stellar-save\src\lib.rs:3950:21
     |
3950 |           let group = Group::new_with_grace(
     |  _____________________^^^^^^^^^^^^^^^^^^^^^-
3951 | |             group_id,
3952 | |             member.clone(),
3953 | |             contribution_amount,
...    |
3957 | |             12345,
3958 | |         );
     | |_________- argument #8 of type `u64` is missing
     |
note: associated function defined here
    --> contracts\stellar-save\src\group.rs:247:12
     |
 247 |     pub fn new_with_grace(
     |            ^^^^^^^^^^^^^^
...
 255 |         grace_period_seconds: u64,
     |         -------------------------
help: provide the argument
     |
3950 |         let group = Group::new_with_grace(
 ...
3957 |             12345,
3958 ~             /* u64 */,
3959 ~         );
     |

error[E0061]: this function takes 8 arguments but 7 arguments were supplied
    --> contracts\stellar-save\src\lib.rs:3986:25
     |
3986 |           let mut group = Group::new_with_grace(
     |  _________________________^^^^^^^^^^^^^^^^^^^^^-
3987 | |             group_id,
3988 | |             member.clone(),
3989 | |             contribution_amount,
...    |
3993 | |             12345,
3994 | |         );
     | |_________- argument #8 of type `u64` is missing
     |
note: associated function defined here
    --> contracts\stellar-save\src\group.rs:247:12
     |
 247 |     pub fn new_with_grace(
     |            ^^^^^^^^^^^^^^
...
 255 |         grace_period_seconds: u64,
     |         -------------------------
help: provide the argument
     |
3986 |         let mut group = Group::new_with_grace(
 ...
3993 |             12345,
3994 ~             /* u64 */,
3995 ~         );
     |

error[E0061]: this function takes 8 arguments but 7 arguments were supplied
    --> contracts\stellar-save\src\lib.rs:4035:25
     |
4035 |           let mut group = Group::new_with_grace(
     |  _________________________^^^^^^^^^^^^^^^^^^^^^-
4036 | |             group_id,
4037 | |             member.clone(),
4038 | |             contribution_amount,
...    |
4042 | |             12345,
4043 | |         );
     | |_________- argument #8 of type `u64` is missing
     |
note: associated function defined here
    --> contracts\stellar-save\src\group.rs:247:12
     |
 247 |     pub fn new_with_grace(
     |            ^^^^^^^^^^^^^^
...
 255 |         grace_period_seconds: u64,
     |         -------------------------
help: provide the argument
     |
4035 |         let mut group = Group::new_with_grace(
 ...
4042 |             12345,
4043 ~             /* u64 */,
4044 ~         );
     |

error[E0061]: this function takes 8 arguments but 7 arguments were supplied
    --> contracts\stellar-save\src\lib.rs:4086:25
     |
4086 |           let mut group = Group::new_with_grace(
     |  _________________________^^^^^^^^^^^^^^^^^^^^^-
4087 | |             group_id,
4088 | |             member.clone(),
4089 | |             contribution_amount,
...    |
4093 | |             12345,
4094 | |         );
     | |_________- argument #8 of type `u64` is missing
     |
note: associated function defined here
    --> contracts\stellar-save\src\group.rs:247:12
     |
 247 |     pub fn new_with_grace(
     |            ^^^^^^^^^^^^^^
...
 255 |         grace_period_seconds: u64,
     |         -------------------------
help: provide the argument
     |
4086 |         let mut group = Group::new_with_grace(
 ...
4093 |             12345,
4094 ~             /* u64 */,
4095 ~         );
     |

error[E0061]: this function takes 8 arguments but 7 arguments were supplied
    --> contracts\stellar-save\src\lib.rs:4132:25
     |
4132 |           let mut group = Group::new_with_grace(
     |  _________________________^^^^^^^^^^^^^^^^^^^^^-
4133 | |             group_id,
4134 | |             member.clone(),
4135 | |             contribution_amount,
...    |
4139 | |             12345,
4140 | |         );
     | |_________- argument #8 of type `u64` is missing
     |
note: associated function defined here
    --> contracts\stellar-save\src\group.rs:247:12
     |
 247 |     pub fn new_with_grace(
     |            ^^^^^^^^^^^^^^
...
 255 |         grace_period_seconds: u64,
     |         -------------------------
help: provide the argument
     |
4132 |         let mut group = Group::new_with_grace(
 ...
4139 |             12345,
4140 ~             /* u64 */,
4141 ~         );
     |

error[E0061]: this function takes 8 arguments but 7 arguments were supplied
    --> contracts\stellar-save\src\lib.rs:4187:25
     |
4187 |           let mut group = Group::new_with_grace(
     |  _________________________^^^^^^^^^^^^^^^^^^^^^-
4188 | |             group_id,
4189 | |             member.clone(),
4190 | |             contribution_amount,
...    |
4194 | |             12345,
4195 | |         );
     | |_________- argument #8 of type `u64` is missing
     |
note: associated function defined here
    --> contracts\stellar-save\src\group.rs:247:12
     |
 247 |     pub fn new_with_grace(
     |            ^^^^^^^^^^^^^^
...
 255 |         grace_period_seconds: u64,
     |         -------------------------
help: provide the argument
     |
4187 |         let mut group = Group::new_with_grace(
 ...
4194 |             12345,
4195 ~             /* u64 */,
4196 ~         );
     |

error[E0061]: this function takes 8 arguments but 7 arguments were supplied
    --> contracts\stellar-save\src\lib.rs:4251:21
     |
4251 |           let group = Group::new_with_grace(
     |  _____________________^^^^^^^^^^^^^^^^^^^^^-
4252 | |             group_id,
4253 | |             member.clone(),
4254 | |             contribution_amount,
...    |
4258 | |             12345,
4259 | |         );
     | |_________- argument #8 of type `u64` is missing
     |
note: associated function defined here
    --> contracts\stellar-save\src\group.rs:247:12
     |
 247 |     pub fn new_with_grace(
     |            ^^^^^^^^^^^^^^
...
 255 |         grace_period_seconds: u64,
     |         -------------------------
help: provide the argument
     |
4251 |         let group = Group::new_with_grace(
 ...
4258 |             12345,
4259 ~             /* u64 */,
4260 ~         );
     |

error[E0061]: this function takes 8 arguments but 7 arguments were supplied
    --> contracts\stellar-save\src\lib.rs:4297:21
     |
4297 |           let group = Group::new_with_grace(
     |  _____________________^^^^^^^^^^^^^^^^^^^^^-
4298 | |             group_id,
4299 | |             creator.clone(),
4300 | |             contribution_amount,
...    |
4304 | |             12345,
4305 | |         );
     | |_________- argument #8 of type `u64` is missing
     |
note: associated function defined here
    --> contracts\stellar-save\src\group.rs:247:12
     |
 247 |     pub fn new_with_grace(
     |            ^^^^^^^^^^^^^^
...
 255 |         grace_period_seconds: u64,
     |         -------------------------
help: provide the argument
     |
4297 |         let group = Group::new_with_grace(
 ...
4304 |             12345,
4305 ~             /* u64 */,
4306 ~         );
     |

error[E0061]: this function takes 8 arguments but 7 arguments were supplied
    --> contracts\stellar-save\src\lib.rs:4355:21
     |
4355 |           let group = Group::new_with_grace(
     |  _____________________^^^^^^^^^^^^^^^^^^^^^-
4356 | |             group_id,
4357 | |             creator.clone(),
4358 | |             contribution_amount,
...    |
4362 | |             12345,
4363 | |         );
     | |_________- argument #8 of type `u64` is missing
     |
note: associated function defined here
    --> contracts\stellar-save\src\group.rs:247:12
     |
 247 |     pub fn new_with_grace(
     |            ^^^^^^^^^^^^^^
...
 255 |         grace_period_seconds: u64,
     |         -------------------------
help: provide the argument
     |
4355 |         let group = Group::new_with_grace(
 ...
4362 |             12345,
4363 ~             /* u64 */,
4364 ~         );
     |

error[E0061]: this function takes 8 arguments but 7 arguments were supplied
    --> contracts\stellar-save\src\lib.rs:4411:25
     |
4411 |           let mut group = Group::new_with_grace(
     |  _________________________^^^^^^^^^^^^^^^^^^^^^-
4412 | |             group_id,
4413 | |             member1.clone(),
4414 | |             contribution_amount,
...    |
4418 | |             12345,
4419 | |         );
     | |_________- argument #8 of type `u64` is missing
     |
note: associated function defined here
    --> contracts\stellar-save\src\group.rs:247:12
     |
 247 |     pub fn new_with_grace(
     |            ^^^^^^^^^^^^^^
...
 255 |         grace_period_seconds: u64,
     |         -------------------------
help: provide the argument
     |
4411 |         let mut group = Group::new_with_grace(
 ...
4418 |             12345,
4419 ~             /* u64 */,
4420 ~         );
     |

error[E0061]: this function takes 8 arguments but 7 arguments were supplied
    --> contracts\stellar-save\src\lib.rs:4500:21
     |
4500 |           let group = Group::new_with_grace(
     |  _____________________^^^^^^^^^^^^^^^^^^^^^-
4501 | |             group_id,
4502 | |             member1.clone(),
4503 | |             contribution_amount,
...    |
4507 | |             12345,
4508 | |         );
     | |_________- argument #8 of type `u64` is missing
     |
note: associated function defined here
    --> contracts\stellar-save\src\group.rs:247:12
     |
 247 |     pub fn new_with_grace(
     |            ^^^^^^^^^^^^^^
...
 255 |         grace_period_seconds: u64,
     |         -------------------------
help: provide the argument
     |
4500 |         let group = Group::new_with_grace(
 ...
4507 |             12345,
4508 ~             /* u64 */,
4509 ~         );
     |

error[E0061]: this function takes 8 arguments but 7 arguments were supplied
    --> contracts\stellar-save\src\lib.rs:5096:21
     |
5096 |           let group = Group::new_with_grace(
     |  _____________________^^^^^^^^^^^^^^^^^^^^^-
5097 | |             group_id,
5098 | |             creator.clone(),
5099 | |             contribution_amount,
...    |
5103 | |             12345,
5104 | |         );
     | |_________- argument #8 of type `u64` is missing
     |
note: associated function defined here
    --> contracts\stellar-save\src\group.rs:247:12
     |
 247 |     pub fn new_with_grace(
     |            ^^^^^^^^^^^^^^
...
 255 |         grace_period_seconds: u64,
     |         -------------------------
help: provide the argument
     |
5096 |         let group = Group::new_with_grace(
 ...
5103 |             12345,
5104 ~             /* u64 */,
5105 ~         );
     |

error[E0061]: this function takes 8 arguments but 7 arguments were supplied
    --> contracts\stellar-save\src\lib.rs:5124:21
     |
5124 |           let group = Group::new_with_grace(
     |  _____________________^^^^^^^^^^^^^^^^^^^^^-
5125 | |             group_id,
5126 | |             creator.clone(),
5127 | |             contribution_amount,
...    |
5131 | |             12345,
5132 | |         );
     | |_________- argument #8 of type `u64` is missing
     |
note: associated function defined here
    --> contracts\stellar-save\src\group.rs:247:12
     |
 247 |     pub fn new_with_grace(
     |            ^^^^^^^^^^^^^^
...
 255 |         grace_period_seconds: u64,
     |         -------------------------
help: provide the argument
     |
5124 |         let group = Group::new_with_grace(
 ...
5131 |             12345,
5132 ~             /* u64 */,
5133 ~         );
     |

error[E0061]: this function takes 8 arguments but 7 arguments were supplied
    --> contracts\stellar-save\src\lib.rs:5166:21
     |
5166 |           let group = Group::new_with_grace(
     |  _____________________^^^^^^^^^^^^^^^^^^^^^-
5167 | |             group_id,
5168 | |             creator.clone(),
5169 | |             contribution_amount,
...    |
5173 | |             12345,
5174 | |         );
     | |_________- argument #8 of type `u64` is missing
     |
note: associated function defined here
    --> contracts\stellar-save\src\group.rs:247:12
     |
 247 |     pub fn new_with_grace(
     |            ^^^^^^^^^^^^^^
...
 255 |         grace_period_seconds: u64,
     |         -------------------------
help: provide the argument
     |
5166 |         let group = Group::new_with_grace(
 ...
5173 |             12345,
5174 ~             /* u64 */,
5175 ~         );
     |

error[E0061]: this function takes 8 arguments but 7 arguments were supplied
    --> contracts\stellar-save\src\lib.rs:5195:21
     |
5195 |           let group = Group::new_with_grace(
     |  _____________________^^^^^^^^^^^^^^^^^^^^^-
5196 | |             group_id,
5197 | |             creator.clone(),
5198 | |             contribution_amount,
...    |
5202 | |             12345,
5203 | |         );
     | |_________- argument #8 of type `u64` is missing
     |
note: associated function defined here
    --> contracts\stellar-save\src\group.rs:247:12
     |
 247 |     pub fn new_with_grace(
     |            ^^^^^^^^^^^^^^
...
 255 |         grace_period_seconds: u64,
     |         -------------------------
help: provide the argument
     |
5195 |         let group = Group::new_with_grace(
 ...
5202 |             12345,
5203 ~             /* u64 */,
5204 ~         );
     |

error[E0061]: this function takes 8 arguments but 7 arguments were supplied
    --> contracts\stellar-save\src\lib.rs:5224:21
     |
5224 |           let group = Group::new_with_grace(
     |  _____________________^^^^^^^^^^^^^^^^^^^^^-
5225 | |             group_id,
5226 | |             creator.clone(),
5227 | |             contribution_amount,
...    |
5231 | |             12345,
5232 | |         );
     | |_________- argument #8 of type `u64` is missing
     |
note: associated function defined here
    --> contracts\stellar-save\src\group.rs:247:12
     |
 247 |     pub fn new_with_grace(
     |            ^^^^^^^^^^^^^^
...
 255 |         grace_period_seconds: u64,
     |         -------------------------
help: provide the argument
     |
5224 |         let group = Group::new_with_grace(
 ...
5231 |             12345,
5232 ~             /* u64 */,
5233 ~         );
     |

error[E0061]: this function takes 8 arguments but 7 arguments were supplied
    --> contracts\stellar-save\src\lib.rs:5300:21
     |
5300 |           let group = Group::new_with_grace(
     |  _____________________^^^^^^^^^^^^^^^^^^^^^-
5301 | |             group_id,
5302 | |             creator.clone(),
5303 | |             contribution_amount,
...    |
5307 | |             12345,
5308 | |         );
     | |_________- argument #8 of type `u64` is missing
     |
note: associated function defined here
    --> contracts\stellar-save\src\group.rs:247:12
     |
 247 |     pub fn new_with_grace(
     |            ^^^^^^^^^^^^^^
...
 255 |         grace_period_seconds: u64,
     |         -------------------------
help: provide the argument
     |
5300 |         let group = Group::new_with_grace(
 ...
5307 |             12345,
5308 ~             /* u64 */,
5309 ~         );
     |

error[E0061]: this function takes 8 arguments but 7 arguments were supplied
    --> contracts\stellar-save\src\lib.rs:6143:25
     |
6143 |           let mut group = Group::new_with_grace(
     |  _________________________^^^^^^^^^^^^^^^^^^^^^-
6144 | |             group_id,
6145 | |             creator.clone(),
6146 | |             100,
...    |
6150 | |             started_at,
6151 | |         );
     | |_________- argument #8 of type `u64` is missing
     |
note: associated function defined here
    --> contracts\stellar-save\src\group.rs:247:12
     |
 247 |     pub fn new_with_grace(
     |            ^^^^^^^^^^^^^^
...
 255 |         grace_period_seconds: u64,
     |         -------------------------
help: provide the argument
     |
6143 |         let mut group = Group::new_with_grace(
 ...
6150 |             started_at,
6151 ~             /* u64 */,
6152 ~         );
     |

error[E0061]: this function takes 8 arguments but 7 arguments were supplied
    --> contracts\stellar-save\src\lib.rs:6177:25
     |
6177 |           let mut group = Group::new_with_grace(
     |  _________________________^^^^^^^^^^^^^^^^^^^^^-
6178 | |             group_id,
6179 | |             creator.clone(),
6180 | |             100,
...    |
6184 | |             started_at,
6185 | |         );
     | |_________- argument #8 of type `u64` is missing
     |
note: associated function defined here
    --> contracts\stellar-save\src\group.rs:247:12
     |
 247 |     pub fn new_with_grace(
     |            ^^^^^^^^^^^^^^
...
 255 |         grace_period_seconds: u64,
     |         -------------------------
help: provide the argument
     |
6177 |         let mut group = Group::new_with_grace(
 ...
6184 |             started_at,
6185 ~             /* u64 */,
6186 ~         );
     |

error[E0061]: this function takes 8 arguments but 7 arguments were supplied
    --> contracts\stellar-save\src\lib.rs:6212:25
     |
6212 |           let mut group = Group::new_with_grace(
     |  _________________________^^^^^^^^^^^^^^^^^^^^^-
6213 | |             group_id,
6214 | |             creator.clone(),
6215 | |             100,
...    |
6219 | |             started_at,
6220 | |         );
     | |_________- argument #8 of type `u64` is missing
     |
note: associated function defined here
    --> contracts\stellar-save\src\group.rs:247:12
     |
 247 |     pub fn new_with_grace(
     |            ^^^^^^^^^^^^^^
...
 255 |         grace_period_seconds: u64,
     |         -------------------------
help: provide the argument
     |
6212 |         let mut group = Group::new_with_grace(
 ...
6219 |             started_at,
6220 ~             /* u64 */,
6221 ~         );
     |

error[E0061]: this function takes 8 arguments but 7 arguments were supplied
    --> contracts\stellar-save\src\lib.rs:6259:21
     |
6259 |           let group = Group::new_with_grace(
     |  _____________________^^^^^^^^^^^^^^^^^^^^^-
6260 | |             group_id,
6261 | |             creator.clone(),
6262 | |             100,
...    |
6266 | |             created_at,
6267 | |         );
     | |_________- argument #8 of type `u64` is missing
     |
note: associated function defined here
    --> contracts\stellar-save\src\group.rs:247:12
     |
 247 |     pub fn new_with_grace(
     |            ^^^^^^^^^^^^^^
...
 255 |         grace_period_seconds: u64,
     |         -------------------------
help: provide the argument
     |
6259 |         let group = Group::new_with_grace(
 ...
6266 |             created_at,
6267 ~             /* u64 */,
6268 ~         );
     |

error[E0061]: this function takes 8 arguments but 7 arguments were supplied
    --> contracts\stellar-save\src\lib.rs:6327:25
     |
6327 |           let mut group = Group::new_with_grace(
     |  _________________________^^^^^^^^^^^^^^^^^^^^^-
6328 | |             group_id,
6329 | |             creator.clone(),
6330 | |             100,
...    |
6334 | |             started_at,
6335 | |         );
     | |_________- argument #8 of type `u64` is missing
     |
note: associated function defined here
    --> contracts\stellar-save\src\group.rs:247:12
     |
 247 |     pub fn new_with_grace(
     |            ^^^^^^^^^^^^^^
...
 255 |         grace_period_seconds: u64,
     |         -------------------------
help: provide the argument
     |
6327 |         let mut group = Group::new_with_grace(
 ...
6334 |             started_at,
6335 ~             /* u64 */,
6336 ~         );
     |

error[E0061]: this function takes 8 arguments but 7 arguments were supplied
    --> contracts\stellar-save\src\lib.rs:6364:25
     |
6364 |           let mut group = Group::new_with_grace(
     |  _________________________^^^^^^^^^^^^^^^^^^^^^-
6365 | |             group_id,
6366 | |             creator.clone(),
6367 | |             100,
...    |
6371 | |             started_at,
6372 | |         );
     | |_________- argument #8 of type `u64` is missing
     |
note: associated function defined here
    --> contracts\stellar-save\src\group.rs:247:12
     |
 247 |     pub fn new_with_grace(
     |            ^^^^^^^^^^^^^^
...
 255 |         grace_period_seconds: u64,
     |         -------------------------
help: provide the argument
     |
6364 |         let mut group = Group::new_with_grace(
 ...
6371 |             started_at,
6372 ~             /* u64 */,
6373 ~         );
     |

error[E0061]: this function takes 8 arguments but 7 arguments were supplied
    --> contracts\stellar-save\src\lib.rs:6399:25
     |
6399 |           let mut group = Group::new_with_grace(
     |  _________________________^^^^^^^^^^^^^^^^^^^^^-
6400 | |             group_id,
6401 | |             creator.clone(),
6402 | |             100,
...    |
6406 | |             started_at,
6407 | |         );
     | |_________- argument #8 of type `u64` is missing
     |
note: associated function defined here
    --> contracts\stellar-save\src\group.rs:247:12
     |
 247 |     pub fn new_with_grace(
     |            ^^^^^^^^^^^^^^
...
 255 |         grace_period_seconds: u64,
     |         -------------------------
help: provide the argument
     |
6399 |         let mut group = Group::new_with_grace(
 ...
6406 |             started_at,
6407 ~             /* u64 */,
6408 ~         );
     |

error[E0061]: this function takes 8 arguments but 7 arguments were supplied
    --> contracts\stellar-save\src\lib.rs:6434:25
     |
6434 |           let mut group = Group::new_with_grace(
     |  _________________________^^^^^^^^^^^^^^^^^^^^^-
6435 | |             group_id,
6436 | |             creator.clone(),
6437 | |             100,
...    |
6441 | |             started_at,
6442 | |         );
     | |_________- argument #8 of type `u64` is missing
     |
note: associated function defined here
    --> contracts\stellar-save\src\group.rs:247:12
     |
 247 |     pub fn new_with_grace(
     |            ^^^^^^^^^^^^^^
...
 255 |         grace_period_seconds: u64,
     |         -------------------------
help: provide the argument
     |
6434 |         let mut group = Group::new_with_grace(
 ...
6441 |             started_at,
6442 ~             /* u64 */,
6443 ~         );
     |

error[E0061]: this function takes 8 arguments but 7 arguments were supplied
    --> contracts\stellar-save\src\lib.rs:6469:25
     |
6469 |           let mut group = Group::new_with_grace(
     |  _________________________^^^^^^^^^^^^^^^^^^^^^-
6470 | |             group_id,
6471 | |             creator.clone(),
6472 | |             100,
...    |
6476 | |             started_at,
6477 | |         );
     | |_________- argument #8 of type `u64` is missing
     |
note: associated function defined here
    --> contracts\stellar-save\src\group.rs:247:12
     |
 247 |     pub fn new_with_grace(
     |            ^^^^^^^^^^^^^^
...
 255 |         grace_period_seconds: u64,
     |         -------------------------
help: provide the argument
     |
6469 |         let mut group = Group::new_with_grace(
 ...
6476 |             started_at,
6477 ~             /* u64 */,
6478 ~         );
     |

error[E0061]: this function takes 8 arguments but 7 arguments were supplied
    --> contracts\stellar-save\src\lib.rs:6508:25
     |
6508 |           let mut group = Group::new_with_grace(
     |  _________________________^^^^^^^^^^^^^^^^^^^^^-
6509 | |             group_id,
6510 | |             creator.clone(),
6511 | |             100,
...    |
6515 | |             started_at,
6516 | |         );
     | |_________- argument #8 of type `u64` is missing
     |
note: associated function defined here
    --> contracts\stellar-save\src\group.rs:247:12
     |
 247 |     pub fn new_with_grace(
     |            ^^^^^^^^^^^^^^
...
 255 |         grace_period_seconds: u64,
     |         -------------------------
help: provide the argument
     |
6508 |         let mut group = Group::new_with_grace(
 ...
6515 |             started_at,
6516 ~             /* u64 */,
6517 ~         );
     |

error[E0061]: this function takes 8 arguments but 7 arguments were supplied
    --> contracts\stellar-save\src\lib.rs:6545:25
     |
6545 |           let mut group = Group::new_with_grace(
     |  _________________________^^^^^^^^^^^^^^^^^^^^^-
6546 | |             group_id,
6547 | |             creator.clone(),
6548 | |             100,
...    |
6552 | |             started_at,
6553 | |         );
     | |_________- argument #8 of type `u64` is missing
     |
note: associated function defined here
    --> contracts\stellar-save\src\group.rs:247:12
     |
 247 |     pub fn new_with_grace(
     |            ^^^^^^^^^^^^^^
...
 255 |         grace_period_seconds: u64,
     |         -------------------------
help: provide the argument
     |
6545 |         let mut group = Group::new_with_grace(
 ...
6552 |             started_at,
6553 ~             /* u64 */,
6554 ~         );
     |

error[E0061]: this function takes 8 arguments but 7 arguments were supplied
    --> contracts\stellar-save\src\lib.rs:6623:25
     |
6623 |           let mut group = Group::new_with_grace(
     |  _________________________^^^^^^^^^^^^^^^^^^^^^-
6624 | |             group_id,
6625 | |             creator.clone(),
6626 | |             100,
...    |
6630 | |             started_at,
6631 | |         );
     | |_________- argument #8 of type `u64` is missing
     |
note: associated function defined here
    --> contracts\stellar-save\src\group.rs:247:12
     |
 247 |     pub fn new_with_grace(
     |            ^^^^^^^^^^^^^^
...
 255 |         grace_period_seconds: u64,
     |         -------------------------
help: provide the argument
     |
6623 |         let mut group = Group::new_with_grace(
 ...
6630 |             started_at,
6631 ~             /* u64 */,
6632 ~         );
     |

error[E0061]: this function takes 8 arguments but 7 arguments were supplied
    --> contracts\stellar-save\src\lib.rs:6672:21
     |
6672 |           let group = Group::new_with_grace(
     |  _____________________^^^^^^^^^^^^^^^^^^^^^-
6673 | |             group_id,
6674 | |             creator.clone(),
6675 | |             100,
...    |
6679 | |             created_at,
6680 | |         );
     | |_________- argument #8 of type `u64` is missing
     |
note: associated function defined here
    --> contracts\stellar-save\src\group.rs:247:12
     |
 247 |     pub fn new_with_grace(
     |            ^^^^^^^^^^^^^^
...
 255 |         grace_period_seconds: u64,
     |         -------------------------
help: provide the argument
     |
6672 |         let group = Group::new_with_grace(
 ...
6679 |             created_at,
6680 ~             /* u64 */,
6681 ~         );
     |

error[E0061]: this function takes 8 arguments but 7 arguments were supplied
    --> contracts\stellar-save\src\lib.rs:6702:25
     |
6702 |           let mut group = Group::new_with_grace(
     |  _________________________^^^^^^^^^^^^^^^^^^^^^-
6703 | |             group_id,
6704 | |             creator.clone(),
6705 | |             100,
...    |
6709 | |             started_at,
6710 | |         );
     | |_________- argument #8 of type `u64` is missing
     |
note: associated function defined here
    --> contracts\stellar-save\src\group.rs:247:12
     |
 247 |     pub fn new_with_grace(
     |            ^^^^^^^^^^^^^^
...
 255 |         grace_period_seconds: u64,
     |         -------------------------
help: provide the argument
     |
6702 |         let mut group = Group::new_with_grace(
 ...
6709 |             started_at,
6710 ~             /* u64 */,
6711 ~         );
     |

error[E0061]: this function takes 8 arguments but 7 arguments were supplied
    --> contracts\stellar-save\src\lib.rs:6734:25
     |
6734 |           let mut group = Group::new_with_grace(
     |  _________________________^^^^^^^^^^^^^^^^^^^^^-
6735 | |             group_id,
6736 | |             creator.clone(),
6737 | |             100,
...    |
6741 | |             started_at,
6742 | |         );
     | |_________- argument #8 of type `u64` is missing
     |
note: associated function defined here
    --> contracts\stellar-save\src\group.rs:247:12
     |
 247 |     pub fn new_with_grace(
     |            ^^^^^^^^^^^^^^
...
 255 |         grace_period_seconds: u64,
     |         -------------------------
help: provide the argument
     |
6734 |         let mut group = Group::new_with_grace(
 ...
6741 |             started_at,
6742 ~             /* u64 */,
6743 ~         );
     |

error[E0061]: this function takes 8 arguments but 7 arguments were supplied
    --> contracts\stellar-save\src\lib.rs:6772:25
     |
6772 |           let mut group = Group::new_with_grace(
     |  _________________________^^^^^^^^^^^^^^^^^^^^^-
6773 | |             group_id,
6774 | |             creator.clone(),
6775 | |             100,
...    |
6779 | |             started_at,
6780 | |         );
     | |_________- argument #8 of type `u64` is missing
     |
note: associated function defined here
    --> contracts\stellar-save\src\group.rs:247:12
     |
 247 |     pub fn new_with_grace(
     |            ^^^^^^^^^^^^^^
...
 255 |         grace_period_seconds: u64,
     |         -------------------------
help: provide the argument
     |
6772 |         let mut group = Group::new_with_grace(
 ...
6779 |             started_at,
6780 ~             /* u64 */,
6781 ~         );
     |

error[E0061]: this method takes 5 arguments but 4 arguments were supplied
    --> contracts\stellar-save\src\lib.rs:6993:31
     |
6993 |         let group_id = client.create_group(&creator, &100, 
&cycle_duration, &3);
     |                               
^^^^^^^^^^^^------------------------------------- argument #5 of type `&u64` 
is missing
     |
note: method defined here
    --> contracts\stellar-save\src\lib.rs:370:12
     |
 370 |     pub fn create_group(
     |            ^^^^^^^^^^^^
...
 376 |         grace_period_seconds: u64,
     |         -------------------------
help: provide the argument
     |
6993 |         let group_id = client.create_group(&creator, &100, 
&cycle_duration, &3, /* &u64 */);
     |                                                                         
      ++++++++++++

error[E0061]: this method takes 5 arguments but 4 arguments were supplied
    --> contracts\stellar-save\src\lib.rs:7022:31
     |
7022 |         let group_id = client.create_group(&creator, &100, 
&cycle_duration, &3);
     |                               
^^^^^^^^^^^^------------------------------------- argument #5 of type `&u64` 
is missing
     |
note: method defined here
    --> contracts\stellar-save\src\lib.rs:370:12
     |
 370 |     pub fn create_group(
     |            ^^^^^^^^^^^^
...
 376 |         grace_period_seconds: u64,
     |         -------------------------
help: provide the argument
     |
7022 |         let group_id = client.create_group(&creator, &100, 
&cycle_duration, &3, /* &u64 */);
     |                                                                         
      ++++++++++++

error[E0061]: this method takes 5 arguments but 4 arguments were supplied
    --> contracts\stellar-save\src\lib.rs:7057:31
     |
7057 |         let group_id = client.create_group(&creator, &100, 
&cycle_duration, &3);
     |                               
^^^^^^^^^^^^------------------------------------- argument #5 of type `&u64` 
is missing
     |
note: method defined here
    --> contracts\stellar-save\src\lib.rs:370:12
     |
 370 |     pub fn create_group(
     |            ^^^^^^^^^^^^
...
 376 |         grace_period_seconds: u64,
     |         -------------------------
help: provide the argument
     |
7057 |         let group_id = client.create_group(&creator, &100, 
&cycle_duration, &3, /* &u64 */);
     |                                                                         
      ++++++++++++

error[E0061]: this method takes 5 arguments but 4 arguments were supplied
    --> contracts\stellar-save\src\lib.rs:7096:31
     |
7096 |         let group_id = client.create_group(&creator, &100, 
&cycle_duration, &3);
     |                               
^^^^^^^^^^^^------------------------------------- argument #5 of type `&u64` 
is missing
     |
note: method defined here
    --> contracts\stellar-save\src\lib.rs:370:12
     |
 370 |     pub fn create_group(
     |            ^^^^^^^^^^^^
...
 376 |         grace_period_seconds: u64,
     |         -------------------------
help: provide the argument
     |
7096 |         let group_id = client.create_group(&creator, &100, 
&cycle_duration, &3, /* &u64 */);
     |                                                                         
      ++++++++++++

error[E0599]: no method named `is_ok` found for unit type `()` in the current 
scope
    --> contracts\stellar-save\src\lib.rs:8263:24
     |
8263 |         assert!(result.is_ok());
     |                        ^^^^^ method not found in `()`

error[E0599]: no function or associated item named `default` found for struct 
`soroban_sdk::Address` in the current scope
    --> contracts\stellar-save\src\lib.rs:8285:42
     |
8285 |         let invalid_recipient = Address::default(); // Default address 
should be invalid
     |                                          ^^^^^^^ function or associated 
item not found in `soroban_sdk::Address`
     |
note: if you're trying to build a new `soroban_sdk::Address` consider using 
one of the following associated functions:
      soroban_sdk::Address::from_str
      soroban_sdk::Address::from_string
      soroban_sdk::Address::from_string_bytes
    --> C:\Users\Dell\.cargo\registry\src\index.crates.io-1949cf8c6b5b557f\soro
ban-sdk-23.5.2\src\address.rs:273:5
     |
 273 |     pub fn from_str(env: &Env, strkey: &str) -> Address {
     |     ^^^^^^^^^^^^^^^^^^^^^^^^^^^^^^^^^^^^^^^^^^^^^^^^^^^
...
 285 |     pub fn from_string(strkey: &String) -> Self {
     |     ^^^^^^^^^^^^^^^^^^^^^^^^^^^^^^^^^^^^^^^^^^^
...
 307 |     pub fn from_string_bytes(strkey: &Bytes) -> Self {
     |     ^^^^^^^^^^^^^^^^^^^^^^^^^^^^^^^^^^^^^^^^^^^^^^^^

error[E0609]: no field `topics` on type `&(soroban_sdk::Address, 
soroban_sdk::Vec<soroban_sdk::Val>, soroban_sdk::Val)`
    --> contracts\stellar-save\src\lib.rs:8483:19
     |
8483 |             event.topics.len() >= 1 && event.topics.get(0).unwrap() == 
&Symbol::new(&env, "payout_executed")
     |                   ^^^^^^ unknown field
     |
     = note: available fields are: `0`, `1`, `2`

error[E0609]: no field `topics` on type `&(soroban_sdk::Address, 
soroban_sdk::Vec<soroban_sdk::Val>, soroban_sdk::Val)`
    --> contracts\stellar-save\src\lib.rs:8483:46
     |
8483 |             event.topics.len() >= 1 && event.topics.get(0).unwrap() == 
&Symbol::new(&env, "payout_executed")
     |                                              ^^^^^^ unknown field
     |
     = note: available fields are: `0`, `1`, `2`

error[E0061]: this method takes 5 arguments but 4 arguments were supplied
    --> contracts\stellar-save\src\lib.rs:8888:31
     |
8888 |         let group_id = client.create_group(&creator, &i128::MAX, &3600, 
&3);
     |                               
^^^^^^^^^^^^--------------------------------- argument #5 of type `&u64` is 
missing
     |
note: method defined here
    --> contracts\stellar-save\src\lib.rs:370:12
     |
 370 |     pub fn create_group(
     |            ^^^^^^^^^^^^
...
 376 |         grace_period_seconds: u64,
     |         -------------------------
help: provide the argument
     |
8888 |         let group_id = client.create_group(&creator, &i128::MAX, &3600, 
&3, /* &u64 */);
     |                                                                         
  ++++++++++++

error[E0061]: this method takes 3 arguments but 1 argument was supplied
    --> contracts\stellar-save\src\lib.rs:9103:32
     |
9103 |         let retrieved = client.get_group_members(&1);
     |                                ^^^^^^^^^^^^^^^^^---- two arguments of 
type `&u32` and `&u32` are missing
     |
note: method defined here
    --> contracts\stellar-save\src\lib.rs:2599:12
     |
2599 |     pub fn get_group_members(
     |            ^^^^^^^^^^^^^^^^^
...
2602 |         offset: u32,
     |         -----------
2603 |         limit: u32,
     |         ----------
help: provide the arguments
     |
9103 |         let retrieved = client.get_group_members(&1, /* &u32 */, /* 
&u32 */);
     |                                                    
++++++++++++++++++++++++

error[E0599]: no method named `unwrap` found for type `u64` in the current 
scope
    --> contracts\stellar-save\src\lib.rs:9659:14
     |
9657 |           let group_id = client
     |  ________________________-
9658 | |             .create_group(&creator, &10_000_000, &604800, &5, 
&grace_period_seconds)
9659 | |             .unwrap();
     | |             -^^^^^^ method not found in `u64`
     | |_____________|
     |

error[E0599]: no method named `unwrap` found for struct `group::Group` in the 
current scope
    --> contracts\stellar-save\src\lib.rs:9667:49
     |
9667 |         let group = client.get_group(&group_id).unwrap();
     |                                                 ^^^^^^ method not found 
in `group::Group`
     |
    ::: contracts\stellar-save\src\group.rs:131:1
     |
 131 | pub struct Group {
     | ---------------- method `unwrap` not found for this struct

error[E0599]: no method named `unwrap` found for struct `group::Group` in the 
current scope
    --> contracts\stellar-save\src\lib.rs:9675:49
     |
9675 |         let group = client.get_group(&group_id).unwrap();
     |                                                 ^^^^^^ method not found 
in `group::Group`
     |
    ::: contracts\stellar-save\src\group.rs:131:1
     |
 131 | pub struct Group {
     | ---------------- method `unwrap` not found for this struct

error[E0599]: no method named `unwrap` found for struct `group::Group` in the 
current scope
    --> contracts\stellar-save\src\lib.rs:9684:49
     |
9684 |         let group = client.get_group(&group_id).unwrap();
     |                                                 ^^^^^^ method not found 
in `group::Group`
     |
    ::: contracts\stellar-save\src\group.rs:131:1
     |
 131 | pub struct Group {
     | ---------------- method `unwrap` not found for this struct

error[E0599]: no method named `unwrap` found for type `u64` in the current 
scope
    --> contracts\stellar-save\src\lib.rs:9717:14
     |
9715 |           let group_id = client
     |  ________________________-
9716 | |             .create_group(&creator, &10_000_000, &cycle_duration, &5, 
&grace)
9717 | |             .unwrap();
     | |             -^^^^^^ method not found in `u64`
     | |_____________|
     |

error[E0599]: no method named `unwrap` found for struct `soroban_sdk::Vec<T>` 
in the current scope
    --> contracts\stellar-save\src\lib.rs:9737:69
     |
9737 |         let missed = client.get_missed_contributions(&group_id, 
&0).unwrap();
     |                                                                     
^^^^^^ method not found in `soroban_sdk::Vec<soroban_sdk::Address>`

error[E0599]: no method named `unwrap` found for type `u64` in the current 
scope
    --> contracts\stellar-save\src\lib.rs:9758:14
     |
9756 |           let group_id = client
     |  ________________________-
9757 | |             .create_group(&creator, &10_000_000, &cycle_duration, &5, 
&grace)
9758 | |             .unwrap();
     | |             -^^^^^^ method not found in `u64`
     | |_____________|
     |

error[E0599]: no method named `unwrap` found for struct `soroban_sdk::Vec<T>` 
in the current scope
    --> contracts\stellar-save\src\lib.rs:9778:69
     |
9778 |         let missed = client.get_missed_contributions(&group_id, 
&0).unwrap();
     |                                                                     
^^^^^^ method not found in `soroban_sdk::Vec<soroban_sdk::Address>`

error[E0599]: no method named `unwrap` found for type `u64` in the current 
scope
    --> contracts\stellar-save\src\lib.rs:9844:14
     |
9842 |           let group_id = client
     |  ________________________-
9843 | |             .create_group(&creator, &10_000_000, &cycle_duration, &5, 
&grace)
9844 | |             .unwrap();
     | |             -^^^^^^ method not found in `u64`
     | |_____________|
     |

error[E0599]: no method named `unwrap` found for struct `soroban_sdk::Vec<T>` 
in the current scope
    --> contracts\stellar-save\src\lib.rs:9868:69
     |
9868 |         let missed = client.get_missed_contributions(&group_id, 
&0).unwrap();
     |                                                                     
^^^^^^ method not found in `soroban_sdk::Vec<soroban_sdk::Address>`

error[E0004]: non-exhaustive patterns: 
`&error::StellarSaveError::CycleDeadlineExpired` not covered
   --> contracts\stellar-save\src\error.rs:214:15
    |
214 |         match error {
    |               ^^^^^ pattern 
`&error::StellarSaveError::CycleDeadlineExpired` not covered
    |
note: `error::StellarSaveError` defined here
   --> contracts\stellar-save\src\error.rs:11:10
    |
 11 | pub enum StellarSaveError {
    |          ^^^^^^^^^^^^^^^^
...
 83 |     CycleDeadlineExpired = 3005,
    |     -------------------- not covered
    = note: the matched value is of type `&error::StellarSaveError`
help: ensure that all possible cases are being handled by adding a match arm 
with a wildcard pattern or an explicit pattern as shown
    |
271 ~             },
272 +             &error::StellarSaveError::CycleDeadlineExpired => todo!()
    |

warning: unused variable: `penalty_enabled`
   --> contracts\stellar-save\src\group.rs:280:9
    |
280 |         penalty_enabled: bool,
    |         ^^^^^^^^^^^^^^^ help: if this is intentional, prefix it with an 
underscore: `_penalty_enabled`
    |
    = note: `#[warn(unused_variables)]` (part of `#[warn(unused)]`) on by 
default

warning: unused variable: `penalty_amount`
   --> contracts\stellar-save\src\group.rs:281:9
    |
281 |         penalty_amount: i128,
    |         ^^^^^^^^^^^^^^ help: if this is intentional, prefix it with an 
underscore: `_penalty_amount`

warning: unused variable: `member2`
    --> contracts\stellar-save\src\lib.rs:6023:13
     |
6023 |         let member2 = Address::generate(&env);
     |             ^^^^^^^ help: if this is intentional, prefix it with an 
underscore: `_member2`

warning: unused variable: `i`
    --> contracts\stellar-save\src\lib.rs:8566:13
     |
8566 |         for i in 0..5 {
     |             ^ help: if this is intentional, prefix it with an 
underscore: `_i`

warning: unused variable: `i`
    --> contracts\stellar-save\src\lib.rs:8592:13
     |
8592 |         for i in 0..5 {
     |             ^ help: if this is intentional, prefix it with an 
underscore: `_i`

warning: unused variable: `i`
    --> contracts\stellar-save\src\lib.rs:8616:13
     |
8616 |         for i in 0..3 {
     |             ^ help: if this is intentional, prefix it with an 
underscore: `_i`

warning: unused variable: `i`
    --> contracts\stellar-save\src\lib.rs:8638:13
     |
8638 |         for i in 0..5 {
     |             ^ help: if this is intentional, prefix it with an 
underscore: `_i`

warning: unused variable: `i`
    --> contracts\stellar-save\src\lib.rs:8662:13
     |
8662 |         for i in 0..5 {
     |             ^ help: if this is intentional, prefix it with an 
underscore: `_i`

Some errors have detailed explanations: E0004, E0061, E0070, E0277, E0599, 
E0609.
For more information about an error, try `rustc --explain E0004`.
warning: `stellar-save` (lib test) generated 33 warnings
error: could not compile `stellar-save` (lib test) due to 85 previous errors; 
33 warnings emitted
